<?xml version="1.0" encoding="UTF-8" standalone="yes"?>
<definitions>
  {% for lema in lemas %}
    <lema>
    {% for definition in lema.definiciones %}
    <definition>{{ definition }}</definition>
    {% endfor %}
    </lema>
  {% endfor %}
</definitions>
